src/App.tsx(1,25): error TS6133: 'Navigate' is declared but its value is never read.
src/components/ErrorBoundary.tsx(1,8): error TS6133: 'React' is declared but its value is never read.
